<div class='definition'><pre>msg: <span style="color:#000080;">string</span></pre></div><table class='sections'><tr><td valign='top'><icon src='AllIcons.FileTypes.JavaScript'/>&nbsp;ScriptSetupDestructing.vue</td></table>