{
 class: "VueSourceComponent",
 components: {
  DefinePropsTypeDeclarationTS: <recursive value of class VueSourceComponent>,
 },
 props: [
  {
   class: "VueScriptSetupInputProperty",
   name: "optional",
   jsType: "string",
   required: false,
  },
  {
   class: "VueScriptSetupInputProperty",
   name: "required",
   jsType: "string",
   required: true,
  },
  {
   class: "VueScriptSetupInputProperty",
   name: "requiredNullish",
   jsType: "string",
   required: true,
  },
 ],
}
