{
 class: "VueSourceComponent",
 components: {
  DefinePropsRuntimeDeclarationTS: <recursive value of class VueSourceComponent>,
 },
 props: [
  {
   class: "VueSourceInputProperty",
   name: "optional",
   jsType: "string | undefined",
   required: false,
  },
  {
   class: "VueSourceInputProperty",
   name: "optionalUnion",
   jsType: "string | number | undefined",
   required: false,
  },
  {
   class: "VueSourceInputProperty",
   name: "required",
   jsType: "string",
   required: true,
  },
  {
   class: "VueSourceInputProperty",
   name: "requiredUnion",
   jsType: "string | number",
   required: true,
  },
 ],
}
