{
 class: "VueSourceComponent",
 defaultName: "TestComponent",
 emits: [
  {
   class: "VueSourceEmitDefinition",
   name: "test-event",
  },
 ],
}
