{
 class: "VueSourceComponent",
 defaultName: "TestComponent",
 props: [
  {
   class: "VueSourceInputProperty",
   name: "book",
   jsType: "Book",
   required: true,
  },
 ],
}
