{
 class: "VueSourceComponent",
 components: {
  PropsDestructureRuntimeDeclarationJS: <recursive value of class VueSourceComponent>,
 },
 props: [
  {
   class: "VueSourceInputProperty",
   name: "prop1",
   jsType: "number",
   required: true,
  },
  {
   class: "VueSourceInputProperty",
   name: "prop2",
   jsType: "number",
   required: false,
  },
  {
   class: "VueSourceInputProperty",
   name: "prop3",
   jsType: "number",
   required: false,
  },
  {
   class: "VueSourceInputProperty",
   name: "prop4",
   jsType: "number",
   required: false,
  },
 ],
}
